[debug] [2026-08-18T09:25:39.691Z] ----------------------------------------------------------------------
[debug] [2026-08-18T09:25:39.693Z] Command:       /home/radhe/.nvm/versions/node/v22.20.0/bin/node /home/radhe/.nvm/versions/node/v22.20.0/bin/firebase init
[debug] [2026-08-18T09:25:39.693Z] CLI Version:   15.22.3
[debug] [2026-08-18T09:25:39.693Z] Platform:      linux
[debug] [2026-08-18T09:25:39.693Z] Node Version:  v22.20.0
[debug] [2026-08-18T09:25:39.694Z] Detected Agent: unknown
[debug] [2026-08-18T09:25:39.694Z] Time:          Tue Aug 18 2026 14:55:39 GMT+0530 (India Standard Time)
[debug] [2026-08-18T09:25:39.694Z] ----------------------------------------------------------------------
[debug] 
[info] 
     ######## #### ########  ######## ########     ###     ######  ########
     ##        ##  ##     ## ##       ##     ##  ##   ##  ##       ##
     ######    ##  ########  ######   ########  #########  ######  ######
     ##        ##  ##    ##  ##       ##     ## ##     ##       ## ##
     ##       #### ##     ## ######## ########  ##     ##  ######  ########

You're about to initialize a Firebase project in this directory:

  /home/radhe/search-blocker

Before we get started, keep in mind:

  * You are initializing within an existing Firebase project directory

[debug] [2026-08-18T09:26:38.607Z] ExitPromptError: User force closed the prompt with SIGINT
    at Interface.sigint (/home/radhe/.nvm/versions/node/v22.20.0/lib/node_modules/firebase-tools/node_modules/@inquirer/core/dist/commonjs/lib/create-prompt.js:101:37)
    at Interface.emit (node:events:519:28)
    at [_ttyWrite] [as _ttyWrite] (node:internal/readline/interface:1128:18)
    at ReadStream.onkeypress (node:internal/readline/interface:271:20)
    at ReadStream.emit (node:events:531:35)
    at emitKeys (node:internal/readline/utils:370:14)
    at emitKeys.next (<anonymous>)
    at ReadStream.onData (node:internal/readline/emitKeypressEvents:64:36)
    at ReadStream.emit (node:events:519:28)
    at addChunk (node:internal/streams/readable:561:12)
[error] 
[error] Error: An unexpected error has occurred.
